StockTokenLendingPool 0x283b9a45B51EB071630289Fc1D21313204d4Be45
treasury 0x3E3738AbC7b518a0521E7eda4e7b951fc7eadE59
sequencerUptimeFeed 0x0000000000000000000000000000000000000000
borrowCap 100000000000
supplyCap 1000000000000
listed AAPL 0xaF3D76f1834A1d425780943C99Ea8A608f8a93f9 0x4bDbb3150014c6Ab2C6D9347B0779c49015a2f3f
listed AMD 0x86923f96303D656E4aa86D9d42D1e57ad2023fdC 0xF6d57763DFa625F4A413485261Ab2E71Ff4304CF
listed AMZN 0x12f190a9F9d7D37a250758b26824B97CE941bF54 0x9244830430bC7D9C9A48dd47603F24AD61f7c56e
skip ASML: set ASML_TOKEN to a canonical Robinhood Stock Token address
listed BABA 0xad25Ac6C84D497db898fa1E8387bf6Af3532a1c4 0xDB69948B26050818E8c9f43300F78b2582e67260
skip CLSK: set CLSK_TOKEN to a canonical Robinhood Stock Token address
listed COIN 0x6330D8C3178a418788dF01a47479c0ce7CCF450b 0xA7F7D79D578fb007384BaDF42c8E1D76a6a63bBD
listed CRCL 0xdF0992E440dD0be65BD8439b609d6D4366bf1CB5 0x025Ba3B3569Ca7d15Da7BFC1648F13F06A072851
listed CRWV 0x5f10A1C971B69e47e059e1dC91901B59b3fB49C3 0x288b837A17fED1aa00c1df832ef79D0C77336c10
skip EWY: set EWY_TOKEN to a canonical Robinhood Stock Token address
skip GME: set GME_TOKEN to a canonical Robinhood Stock Token address
listed GOOGL 0x2e0847E8910a9732eB3fb1bb4b70a580ADAD4FE3 0xA04EE5c4c8827F17e82f93bE9e19DeA221A749a8
listed INTC 0xc72b96e0E48ecd4DC75E1e45396e26300BC39681 0x127B1DeDeE6269E962a59E6C1295b4002c56c403
skip IONQ: set IONQ_TOKEN to a canonical Robinhood Stock Token address
listed META 0xc0D6457C16Cc70d6790Dd43521C899C87ce02f35 0x5cBC53D382E56cBb223f118CF8Eefb6c9c2759f5
listed MSFT 0xe93237C50D904957Cf27E7B1133b510C669c2e74 0xaD6D88eab22aa4867Efe807a5311Ed64962f740D
skip MSTR: set MSTR_TOKEN to a canonical Robinhood Stock Token address
listed MU 0xfF080c8ce2E5feadaCa0Da81314Ae59D232d4afD 0x5b40F4E78FA58B60a4F59b8cc8cB8d2Fb0690467
skip NBIS: set NBIS_TOKEN to a canonical Robinhood Stock Token address
listed NVDA 0xd0601CE157Db5bdC3162BbaC2a2C8aF5320D9EEC 0xCF169363636D73dbBf77733629CB38919d14232d
listed ORCL 0xb0992820E760d836549ba69BC7598b4af75dEE03 0x2a07f8d87d369Bd8Bc36472337ae02d512a7b5e5
listed PLTR 0x894E1EC2D74FFE5AEF8Dc8A9e84686acCB964F2A 0x8cd1DFC0fc61fcA55FA77b37e008A90f13364Fce
listed QQQ 0xD5f3879160bc7c32ebb4dC785F8a4F505888de68 0x41ed2c58611790af0760e31e80Bb427e4e83D603
skip RGTI: set RGTI_TOKEN to a canonical Robinhood Stock Token address
skip RKLB: set RKLB_TOKEN to a canonical Robinhood Stock Token address
listed SGOV 0x92FD66527192E3e61d4DDd13322Aa222DE86F9B5 0xa7a18Ca3F19E17FfA28F92302B817Ca8c1A94b06
listed SLV 0x411eFb0E7f985935DAec3D4C3ebaEa0d0AD7D89f 0xdA81cD9c76F1D3Ea32655dfFc7408ef22BB0Ee2a
listed SNDK 0xB90A19fF0Af67f7779afF50A882A9CfF42446400 0xd1016D9Da414B13D55abe02221A8A145eB89aA0D
listed SPCX 0x4a0E65A3EcceC6dBe60AE065F2e7bb85Fae35eEa 0x42a95341ff361e81fd934F39943c5C98F6991844
listed SPY 0x117cc2133c37B721F49dE2A7a74833232B3B4C0C 0xa68CA83408bE3f78d1c58a82081c619e9d21486d
listed TSLA 0x322F0929c4625eD5bAd873c95208D54E1c003b2d 0xE4479F01738B4e8C428CD8eB72D47AB9BC3c7de6
skip TSM: set TSM_TOKEN to a canonical Robinhood Stock Token address
listed USAR 0xd917B029C761D264c6A312BBbcDA868658eF86a6 0x451B1295aA84FD6d6b58af1a5002eA1b1A1913A0
listed USO 0xa30FA36Db767ad9eD3f7a60fC79526fB4d56D344 0x6D054DECb74Cf8ef3675B0Abc100e02921176EdF
